src/pages/student/portal/StudentAssignments.tsx(251,60): error TS18048: 'selectedAssignment.submissions.length' is possibly 'undefined'.
src/pages/student/portal/StudentAssignments.tsx(255,22): error TS18048: 'selectedAssignment.submissions.length' is possibly 'undefined'.
src/pages/student/portal/StudentAssignments.tsx(255,69): error TS18047: 'selectedAssignment' is possibly 'null'.
src/pages/student/portal/StudentAssignments.tsx(256,26): error TS2304: Cannot find name 'Paper'.
src/pages/student/portal/StudentAssignments.tsx(258,57): error TS18047: 'selectedAssignment' is possibly 'null'.
src/pages/student/portal/StudentAssignments.tsx(259,27): error TS2304: Cannot find name 'Paper'.
src/pages/student/portal/StudentAssignments.tsx(276,32): error TS18048: 'selectedAssignment.submissions.length' is possibly 'undefined'.
src/pages/student/portal/StudentAssignments.tsx(280,38): error TS18048: 'selectedAssignment.submissions.length' is possibly 'undefined'.
src/pages/student/portal/StudentAssignments.tsx(281,45): error TS18048: 'selectedAssignment.submissions.length' is possibly 'undefined'.
src/pages/student/portal/StudentAssignments.tsx(283,43): error TS18048: 'selectedAssignment.submissions.length' is possibly 'undefined'.
src/pages/student/portal/StudentAssignments.tsx(286,22): error TS18048: 'selectedAssignment.submissions.length' is possibly 'undefined'.
src/pages/student/portal/StudentAssignments.tsx(337,68): error TS18048: 'selectedAssignment.submissions.length' is possibly 'undefined'.
src/pages/student/portal/StudentAssignments.tsx(338,28): error TS18048: 'selectedAssignment.submissions.length' is possibly 'undefined'.
