
> jingli-frontend@0.0.0 build
> tsc -b && vite build

src/components/AddBookModal.tsx(52,34): error TS2339: Property 'create' does not exist on type '{ getAllBooks: () => Promise<Book[]>; createBook: (dto: CreateBookDto) => Promise<Book>; updateBook: (id: string, dto: Partial<CreateBookDto> & { ...; }) => Promise<...>; deleteBook: (id: string) => Promise<...>; getCirculation: () => Promise<...>; issueBook: (dto: IssueBookDto) => Promise<...>; returnBook: (circula...'.
src/components/AddFacilityModal.tsx(52,17): error TS2322: Type 'string' is not assignable to type '"other" | "classroom" | "lab" | "auditorium" | "sports_ground"'.
src/components/AddStaffModal.tsx(58,17): error TS2322: Type 'string | null' is not assignable to type 'string'.
  Type 'null' is not assignable to type 'string'.
src/components/AddStudentModal.tsx(57,17): error TS2322: Type '"other" | "male" | "female"' is not assignable to type 'Gender'.
  Type '"other"' is not assignable to type 'Gender'. Did you mean '"OTHER"'?
src/components/AddStudentModal.tsx(59,17): error TS2322: Type 'string | null' is not assignable to type 'string | undefined'.
  Type 'null' is not assignable to type 'string | undefined'.
src/components/AddTransactionModal.tsx(58,34): error TS2339: Property 'create' does not exist on type '{ getAll: () => Promise<any[]>; getFeeHeads: () => Promise<FeeHead[]>; createFeeHead: (data: CreateFeeHeadDto) => Promise<FeeHead>; ... 10 more ...; collectPayment: (data: { ...; }) => Promise<...>; }'.
src/components/common/DataTable.tsx(15,10): error TS1484: 'ReactNode' is a type and must be imported using a type-only import when 'verbatimModuleSyntax' is enabled.
src/components/MarkAttendanceModal.tsx(58,25): error TS2345: Argument of type 'Student[]' is not assignable to parameter of type 'SetStateAction<Student[]>'.
  Type 'import("C:/arvip/jingli/frontend/src/types/students").Student[]' is not assignable to type 'Student[]'.
    Property 'student_id' is missing in type 'import("C:/arvip/jingli/frontend/src/types/students").Student' but required in type 'Student'.
src/components/MarkAttendanceModal.tsx(63,38): error TS2339: Property 'profile' does not exist on type 'Student'.
src/components/MarkAttendanceModal.tsx(102,37): error TS2339: Property 'bulkMarkAttendance' does not exist on type '{ getByDate: (_dateString: string) => Promise<AttendanceRecord[]>; getClassAttendance: (sectionId: string, date: Date) => Promise<AttendanceRecord[]>; ... 4 more ...; update: (id: string, status: AttendanceStatus, remarks?: string | undefined) => Promise<...>; }'.
src/components/modals/CreateExamModal.tsx(52,46): error TS2554: Expected 0 arguments, but got 1.
src/components/modals/CreateExamModal.tsx(53,45): error TS2554: Expected 0 arguments, but got 1.
src/components/modals/EditExamModal.tsx(63,46): error TS2554: Expected 0 arguments, but got 1.
src/components/modals/EditExamModal.tsx(64,45): error TS2554: Expected 0 arguments, but got 1.
src/components/students/FinanceRecord.tsx(174,73): error TS2339: Property 'createdAt' does not exist on type 'Invoice'.
src/layouts/StudentLayout.tsx(14,19): error TS2339: Property 'signOut' does not exist on type 'AuthContextType'.
src/pages/ClassDetail.tsx(433,33): error TS2322: Type 'TimetableEntry[]' is not assignable to type 'import("C:/arvip/jingli/frontend/src/types/academics").TimetableEntry[]'.
  Type 'TimetableEntry' is missing the following properties from type 'TimetableEntry': sectionId, subjectId, teacherId
src/pages/finance/InvoiceActions.tsx(8,32): error TS2307: Cannot find module '../services/financeService' or its corresponding type declarations.
src/pages/finance/InvoiceActions.tsx(9,30): error TS2307: Cannot find module '../types/finance' or its corresponding type declarations.
src/pages/Reports.tsx(110,52): error TS2322: Type 'readonly [{ readonly value: "students"; readonly label: "All Students"; readonly filters: readonly ["classLevelId", "status", "gender", "fromDate", "toDate"]; }, { readonly value: "students-arrears"; readonly label: "Students in Arrears"; readonly filters: readonly [...]; }, { ...; }, { ...; }, { ...; }, { ...; }] |...' is not assignable to type '{ readonly value: "students"; readonly label: "All Students"; readonly filters: readonly ["classLevelId", "status", "gender", "fromDate", "toDate"]; } | { readonly value: "students-arrears"; readonly label: "Students in Arrears"; readonly filters: readonly [...]; } | ... 4 more ... | readonly ({ ...; } | ... 4 more ...'.
  Type 'readonly [{ readonly value: "staff"; readonly label: "All Staff"; readonly filters: readonly ["department", "designation", "fromDate", "toDate"]; }, { readonly value: "staff-by-dept"; readonly label: "Staff by Department"; readonly filters: readonly []; }]' is not assignable to type '{ readonly value: "students"; readonly label: "All Students"; readonly filters: readonly ["classLevelId", "status", "gender", "fromDate", "toDate"]; } | { readonly value: "students-arrears"; readonly label: "Students in Arrears"; readonly filters: readonly [...]; } | ... 4 more ... | readonly ({ ...; } | ... 4 more ...'.
    Type 'readonly [{ readonly value: "staff"; readonly label: "All Staff"; readonly filters: readonly ["department", "designation", "fromDate", "toDate"]; }, { readonly value: "staff-by-dept"; readonly label: "Staff by Department"; readonly filters: readonly []; }]' is not assignable to type 'readonly ({ readonly value: "students"; readonly label: "All Students"; readonly filters: readonly ["classLevelId", "status", "gender", "fromDate", "toDate"]; } | { readonly value: "students-arrears"; readonly label: "Students in Arrears"; readonly filters: readonly [...]; } | { ...; } | { ...; } | { ...; } | { ...;...'.
      Type '{ readonly value: "staff"; readonly label: "All Staff"; readonly filters: readonly ["department", "designation", "fromDate", "toDate"]; } | { readonly value: "staff-by-dept"; readonly label: "Staff by Department"; readonly filters: readonly []; }' is not assignable to type '{ readonly value: "students"; readonly label: "All Students"; readonly filters: readonly ["classLevelId", "status", "gender", "fromDate", "toDate"]; } | { readonly value: "students-arrears"; readonly label: "Students in Arrears"; readonly filters: readonly [...]; } | { ...; } | { ...; } | { ...; } | { ...; }'.
        Type '{ readonly value: "staff"; readonly label: "All Staff"; readonly filters: readonly ["department", "designation", "fromDate", "toDate"]; }' is not assignable to type '{ readonly value: "students"; readonly label: "All Students"; readonly filters: readonly ["classLevelId", "status", "gender", "fromDate", "toDate"]; } | { readonly value: "students-arrears"; readonly label: "Students in Arrears"; readonly filters: readonly [...]; } | { ...; } | { ...; } | { ...; } | { ...; }'.
          Type '{ readonly value: "staff"; readonly label: "All Staff"; readonly filters: readonly ["department", "designation", "fromDate", "toDate"]; }' is not assignable to type '{ readonly value: "new-enrollments"; readonly label: "New Enrollments"; readonly filters: readonly ["fromDate", "toDate"]; }'.
            Types of property 'value' are incompatible.
              Type '"staff"' is not assignable to type '"new-enrollments"'.
src/pages/Reports.tsx(251,55): error TS18046: 'r' is of type 'unknown'.
src/pages/Reports.tsx(252,58): error TS2339: Property 'filters' does not exist on type '{}'.
