src/teacher/teacher.service.ts(23,63): error TS18047: 'teacher' is possibly 'null'.
src/teacher/teacher.service.ts(31,35): error TS18047: 'teacher' is possibly 'null'.
src/teacher/teacher.service.ts(42,28): error TS18047: 'teacher' is possibly 'null'.
src/teacher/teacher.service.ts(49,42): error TS18047: 'teacher' is possibly 'null'.
src/teacher/teacher.service.ts(69,63): error TS18047: 'teacher' is possibly 'null'.
src/teacher/teacher.service.ts(91,31): error TS18047: 'teacher' is possibly 'null'.
src/teacher/teacher.service.ts(96,38): error TS18047: 'teacher' is possibly 'null'.
